TAP version 13
# Subtest: all UI dictionary entries have four nonempty translations
ok 1 - all UI dictionary entries have four nonempty translations
  ---
  duration_ms: 1.945804
  ...
# Subtest: understands CPAMC persisted and historical language shapes
ok 2 - understands CPAMC persisted and historical language shapes
  ---
  duration_ms: 0.574309
  ...
# Subtest: invalid storage values fail safely
ok 3 - invalid storage values fail safely
  ---
  duration_ms: 0.175941
  ...
# Subtest: locale normalization and browser fallback match CPAMC families
ok 4 - locale normalization and browser fallback match CPAMC families
  ---
  duration_ms: 0.282898
  ...
# Subtest: embedded host language wins over child/browser preference
ok 5 - embedded host language wins over child/browser preference
  ---
  duration_ms: 0.205835
  ...
# Subtest: cross-origin is reported unavailable, not falsely marked synchronized
ok 6 - cross-origin is reported unavailable, not falsely marked synchronized
  ---
  duration_ms: 0.188773
  ...
# Subtest: blocked local storage falls back without throwing
ok 7 - blocked local storage falls back without throwing
  ---
  duration_ms: 0.151538
  ...
# Subtest: fallback and translations never substitute model identifiers
ok 8 - fallback and translations never substitute model identifiers
  ---
  duration_ms: 1.289353
  ...
# Subtest: language initialization does not register network or message actions
ok 9 - language initialization does not register network or message actions
  ---
  duration_ms: 0.714803
  ...
# Subtest: all static markup keys exist; original title and route names unchanged
ok 10 - all static markup keys exist; original title and route names unchanged
  ---
  duration_ms: 0.917502
  ...
# Subtest: legacy /panel and reverse proxy prefixes remain unchanged
ok 11 - legacy /panel and reverse proxy prefixes remain unchanged
  ---
  duration_ms: 1.531438
  ...
# Subtest: host declared management and resource paths plus external prefix
ok 12 - host declared management and resource paths plus external prefix
  ---
  duration_ms: 0.262678
  ...
# Subtest: invalid or off-origin injected paths never become API targets
ok 13 - invalid or off-origin injected paths never become API targets
  ---
  duration_ms: 0.284974
  ...
1..13
# tests 13
# suites 0
# pass 13
# fail 0
# cancelled 0
# skipped 0
# todo 0
# duration_ms 127.011076
